
> tms-embarcador-log-axis@1.6.0 build
> vite build

npm : NODE_ENV=production is not supported in the .env file. Only NODE_ENV=development is supported to create a 
development build of your project. If you need to set process.env.NODE_ENV, you can set it in the Vite config instead.
No linha:1 caractere:1
+ npm run build > build_output.log 2>&1; cat build_output.log | Select- ...
+ ~~~~~~~~~~~~~~~~~~~~~~~~~~~~~~~~~~~~~
    + CategoryInfo          : NotSpecified: (NODE_ENV=produc...config instead.:String) [], RemoteException
    + FullyQualifiedErrorId : NativeCommandError
 
[36mvite v5.4.21 [32mbuilding for production...[36m[39m
transforming...
[32mÔ£ô[39m 4002 modules transformed.
[31mx[39m Build failed in 12.59s
[31merror during build:
[31m[vite:esbuild] Transform failed with 1 error:
C:/desenvolvimento/tmsembarcador/src/services/cteDivergenceReportService.ts:282:72: ERROR: Expected ")" but found 
"$"[31m
file: [36mC:/desenvolvimento/tmsembarcador/src/services/cteDivergenceReportService.ts:282:72[31m
[33m
[33mExpected ")" but found "$"[33m
280|  
281|        doc.line(centerSig2 - (sigWidth / 2), yPos, centerSig2 + (sigWidth / 2), yPos);
282|        doc.text("Gestor de Log├¡stica / Auditoria", centerSig2, yP├ígina ${i} de ${totalPages}`, pageWidth - 
margin, footerY, { align: 'right' });
   |                                                                          ^
283|        }
284|  
[31m
    at failureErrorWithLog (C:\desenvolvimento\tmsembarcador\node_modules\esbuild\lib\main.js:1472:15)
    at C:\desenvolvimento\tmsembarcador\node_modules\esbuild\lib\main.js:755:50
    at responseCallbacks.<computed> (C:\desenvolvimento\tmsembarcador\node_modules\esbuild\lib\main.js:622:9)
    at handleIncomingPacket (C:\desenvolvimento\tmsembarcador\node_modules\esbuild\lib\main.js:677:12)
    at Socket.readFromStdout (C:\desenvolvimento\tmsembarcador\node_modules\esbuild\lib\main.js:600:7)
    at Socket.emit (node:events:524:28)
    at addChunk (node:internal/streams/readable:561:12)
    at readableAddChunkPushByteMode (node:internal/streams/readable:512:3)
    at Readable.push (node:internal/streams/readable:392:5)
    at Pipe.onStreamRead (node:internal/stream_base_commons:191:23)[39m
